Component: ARM Compiler 5.05 update 1 (build 106) Tool: armlink [4d0efa]

==============================================================================

Section Cross References

    sonar.o(i.Sonar_Encourage) refers to stm32f10x_gpio.o(i.GPIO_SetBits) for GPIO_SetBits
    sonar.o(i.Sonar_Encourage) refers to sonar.o(i.Sonar_Delay10us) for Sonar_Delay10us
    sonar.o(i.Sonar_Encourage) refers to stm32f10x_gpio.o(i.GPIO_ResetBits) for GPIO_ResetBits
    sonar.o(i.Sonar_GetDist) refers to fdiv.o(.text) for __aeabi_fdiv
    sonar.o(i.Sonar_GetDist) refers to fmul.o(.text) for __aeabi_fmul
    sonar.o(i.Sonar_Getwidth) refers to timer.o(i.Timer_Control) for Timer_Control
    sonar.o(i.Sonar_Getwidth) refers to stm32f10x_tim.o(i.TIM_GetCounter) for TIM_GetCounter
    sonar.o(i.Sonar_Getwidth) refers to stm32f10x_gpio.o(i.GPIO_ReadInputDataBit) for GPIO_ReadInputDataBit
    sonar.o(i.Sonar_Getwidth) refers to stm32f10x_exti.o(i.EXTI_Init) for EXTI_Init
    sonar.o(i.Sonar_Getwidth) refers to fflti.o(.text) for __aeabi_i2f
    sonar.o(i.Sonar_Getwidth) refers to sonar.o(.data) for cnt
    sonar.o(i.Sonar_Getwidth) refers to global.o(.data) for p1
    sonar.o(i.Sonar_GpioInit) refers to stm32f10x_rcc.o(i.RCC_APB2PeriphClockCmd) for RCC_APB2PeriphClockCmd
    sonar.o(i.Sonar_GpioInit) refers to stm32f10x_gpio.o(i.GPIO_Init) for GPIO_Init
    px4.o(i.PX4_FrameUpdate) refers to memseta.o(.text) for __aeabi_memclr4
    px4.o(i.PX4_FrameUpdate) refers to px4.o(i.Px4_Readlen) for Px4_Readlen
    px4.o(i.Px4_Readlen) refers to iic2.o(i.IIC2_Start) for IIC2_Start
    px4.o(i.Px4_Readlen) refers to iic2.o(i.IIC2_Sendbyte) for IIC2_Sendbyte
    px4.o(i.Px4_Readlen) refers to iic2.o(i.IIC2_Waitack) for IIC2_Waitack
    px4.o(i.Px4_Readlen) refers to iic2.o(i.IIC2_Stop) for IIC2_Stop
    px4.o(i.Px4_Readlen) refers to iic2.o(i.IIC2_Readbyte) for IIC2_Readbyte
    mpu6050.o(i.MPU_Getaccelerometergyroscope) refers to mpu6050.o(i.MPU_Readlen) for MPU_Readlen
    mpu6050.o(i.MPU_Init) refers to memcpya.o(.text) for __aeabi_memcpy4
    mpu6050.o(i.MPU_Init) refers to mpu6050.o(i.MPU_Writebyte) for MPU_Writebyte
    mpu6050.o(i.MPU_Init) refers to delay.o(i.Delay_ms) for Delay_ms
    mpu6050.o(i.MPU_Init) refers to mpu6050.o(.constdata) for .constdata
    mpu6050.o(i.MPU_Readbyte) refers to iic.o(i.IIC_Start) for IIC_Start
    mpu6050.o(i.MPU_Readbyte) refers to iic.o(i.IIC_Sendbyte) for IIC_Sendbyte
    mpu6050.o(i.MPU_Readbyte) refers to iic.o(i.IIC_Waitack) for IIC_Waitack
    mpu6050.o(i.MPU_Readbyte) refers to iic.o(i.IIC_Readbyte) for IIC_Readbyte
    mpu6050.o(i.MPU_Readbyte) refers to iic.o(i.IIC_Stop) for IIC_Stop
    mpu6050.o(i.MPU_Readlen) refers to iic.o(i.IIC_Start) for IIC_Start
    mpu6050.o(i.MPU_Readlen) refers to iic.o(i.IIC_Sendbyte) for IIC_Sendbyte
    mpu6050.o(i.MPU_Readlen) refers to iic.o(i.IIC_Waitack) for IIC_Waitack
    mpu6050.o(i.MPU_Readlen) refers to iic.o(i.IIC_Stop) for IIC_Stop
    mpu6050.o(i.MPU_Readlen) refers to iic.o(i.IIC_Readbyte) for IIC_Readbyte
    mpu6050.o(i.MPU_Writebyte) refers to iic.o(i.IIC_Start) for IIC_Start
    mpu6050.o(i.MPU_Writebyte) refers to iic.o(i.IIC_Sendbyte) for IIC_Sendbyte
    mpu6050.o(i.MPU_Writebyte) refers to iic.o(i.IIC_Waitack) for IIC_Waitack
    mpu6050.o(i.MPU_Writebyte) refers to iic.o(i.IIC_Stop) for IIC_Stop
    mpu6050.o(i.MPU_Writelen) refers to iic.o(i.IIC_Start) for IIC_Start
    mpu6050.o(i.MPU_Writelen) refers to iic.o(i.IIC_Sendbyte) for IIC_Sendbyte
    mpu6050.o(i.MPU_Writelen) refers to iic.o(i.IIC_Waitack) for IIC_Waitack
    mpu6050.o(i.MPU_Writelen) refers to iic.o(i.IIC_Stop) for IIC_Stop
    measure_time.o(i.Measure_TimeInit) refers to stm32f10x_rcc.o(i.RCC_APB2PeriphClockCmd) for RCC_APB2PeriphClockCmd
    measure_time.o(i.Measure_TimeInit) refers to stm32f10x_gpio.o(i.GPIO_Init) for GPIO_Init
    measure_time.o(i.Measure_TimeStart) refers to stm32f10x_gpio.o(i.GPIO_SetBits) for GPIO_SetBits
    measure_time.o(i.Measure_TimeStop) refers to stm32f10x_gpio.o(i.GPIO_ResetBits) for GPIO_ResetBits
    led.o(i.Led_Init) refers to stm32f10x_rcc.o(i.RCC_APB2PeriphClockCmd) for RCC_APB2PeriphClockCmd
    led.o(i.Led_Init) refers to stm32f10x_gpio.o(i.GPIO_PinRemapConfig) for GPIO_PinRemapConfig
    led.o(i.Led_Init) refers to stm32f10x_gpio.o(i.GPIO_Init) for GPIO_Init
    led.o(i.Led_Init) refers to stm32f10x_gpio.o(i.GPIO_SetBits) for GPIO_SetBits
    led.o(i.Led_Off0) refers to stm32f10x_gpio.o(i.GPIO_SetBits) for GPIO_SetBits
    led.o(i.Led_Off1) refers to stm32f10x_gpio.o(i.GPIO_SetBits) for GPIO_SetBits
    led.o(i.Led_On0) refers to stm32f10x_gpio.o(i.GPIO_ResetBits) for GPIO_ResetBits
    led.o(i.Led_On1) refers to stm32f10x_gpio.o(i.GPIO_ResetBits) for GPIO_ResetBits
    led.o(i.Led_Transpose0) refers to stm32f10x_gpio.o(i.GPIO_ReadOutputDataBit) for GPIO_ReadOutputDataBit
    led.o(i.Led_Transpose0) refers to led.o(i.Led_Off0) for Led_Off0
    led.o(i.Led_Transpose0) refers to led.o(i.Led_On0) for Led_On0
[...]
    i.MPU_Init                               0x0800284c   Section        0  mpu6050.o(i.MPU_Init)
    i.MPU_Readlen                            0x08002888   Section        0  mpu6050.o(i.MPU_Readlen)
    i.MPU_Writebyte                          0x080028fc   Section        0  mpu6050.o(i.MPU_Writebyte)
    i.Matrix_EstimateEuler                   0x08002940   Section        0  imu.o(i.Matrix_EstimateEuler)
    i.MemManage_Handler                      0x08002e00   Section        0  stm32f10x_it.o(i.MemManage_Handler)
    i.Moto_Clear                             0x08002e04   Section        0  motor.o(i.Moto_Clear)
    i.Moto_PwmRflash                         0x08002e28   Section        0  motor.o(i.Moto_PwmRflash)
    i.Moto_SetPwm                            0x08002f10   Section        0  motor.o(i.Moto_SetPwm)
    i.Mpu_DataHandle                         0x08003048   Section        0  data.o(i.Mpu_DataHandle)
    i.Mpu_GyroOffest                         0x08003168   Section        0  data.o(i.Mpu_GyroOffest)
    i.NMI_Handler                            0x0800335c   Section        0  stm32f10x_it.o(i.NMI_Handler)
    i.NVIC_Init                              0x08003360   Section        0  misc.o(i.NVIC_Init)
    i.NVIC_PriorityGroupConfig               0x080033d0   Section        0  misc.o(i.NVIC_PriorityGroupConfig)
    i.PendSV_Handler                         0x080033e4   Section        0  stm32f10x_it.o(i.PendSV_Handler)
    i.Position_Control                       0x080033e8   Section        0  pid.o(i.Position_Control)
    i.Pwm_Set1                               0x08003740   Section        0  pwm.o(i.Pwm_Set1)
    i.Pwm_Set2                               0x08003754   Section        0  pwm.o(i.Pwm_Set2)
    i.Pwm_Set3                               0x08003768   Section        0  pwm.o(i.Pwm_Set3)
    i.Pwm_Set4                               0x0800377c   Section        0  pwm.o(i.Pwm_Set4)
    i.Pwm_init                               0x08003790   Section        0  pwm.o(i.Pwm_init)
    i.Quadrotor_Control                      0x08003888   Section        0  app.o(i.Quadrotor_Control)
    i.RCC_APB1PeriphClockCmd                 0x08003954   Section        0  stm32f10x_rcc.o(i.RCC_APB1PeriphClockCmd)
    i.RCC_APB2PeriphClockCmd                 0x08003974   Section        0  stm32f10x_rcc.o(i.RCC_APB2PeriphClockCmd)
    i.RCC_GetClocksFreq                      0x08003994   Section        0  stm32f10x_rcc.o(i.RCC_GetClocksFreq)
    i.ReceiveData_Convert                    0x08003a68   Section        0  data.o(i.ReceiveData_Convert)
    i.ReceiveData_Norm                       0x08003b74   Section        0  data.o(i.ReceiveData_Norm)
    i.Remote_ChxGet                          0x08003c30   Section        0  data.o(i.Remote_ChxGet)
    i.Remote_CommandGet                      0x08003c40   Section        0  data.o(i.Remote_CommandGet)
    i.Remote_StatusGet                       0x08003c60   Section        0  data.o(i.Remote_StatusGet)
    i.Reseave_IrqTIM2                        0x08003d2c   Section        0  receive.o(i.Reseave_IrqTIM2)
    i.Reseave_IrqTIM3                        0x08003f3c   Section        0  receive.o(i.Reseave_IrqTIM3)
    i.SVC_Handler                            0x08003fc4   Section        0  stm32f10x_it.o(i.SVC_Handler)
    i.SetSysClock                            0x08003fc6   Section        0  system_stm32f10x.o(i.SetSysClock)
    SetSysClock                              0x08003fc7   Thumb Code     8  system_stm32f10x.o(i.SetSysClock)
    i.SetSysClockTo72                        0x08003fd0   Section        0  system_stm32f10x.o(i.SetSysClockTo72)
    SetSysClockTo72                          0x08003fd1   Thumb Code   214  system_stm32f10x.o(i.SetSysClockTo72)
    i.Sonar_DataGet                          0x080040b0   Section        0  data.o(i.Sonar_DataGet)
    i.Sonar_Getwidth                         0x080040c4   Section        0  sonar.o(i.Sonar_Getwidth)
    i.Sonar_GpioInit                         0x0800418c   Section        0  sonar.o(i.Sonar_GpioInit)
    i.Startup                                0x080041b8   Section        0  app.o(i.Startup)
    i.SysTick_Handler                        0x080041c0   Section        0  stm32f10x_it.o(i.SysTick_Handler)
    i.SystemInit                             0x080041c4   Section        0  system_stm32f10x.o(i.SystemInit)
    i.TI1_Config                             0x08004224   Section        0  stm32f10x_tim.o(i.TI1_Config)
    TI1_Config                               0x08004225   Thumb Code   108  stm32f10x_tim.o(i.TI1_Config)
    i.TI2_Config                             0x080042a4   Section        0  stm32f10x_tim.o(i.TI2_Config)
    TI2_Config                               0x080042a5   Thumb Code   130  stm32f10x_tim.o(i.TI2_Config)
    i.TI3_Config                             0x0800433c   Section        0  stm32f10x_tim.o(i.TI3_Config)
    TI3_Config                               0x0800433d   Thumb Code   122  stm32f10x_tim.o(i.TI3_Config)
    i.TI4_Config                             0x080043cc   Section        0  stm32f10x_tim.o(i.TI4_Config)
    TI4_Config                               0x080043cd   Thumb Code   130  stm32f10x_tim.o(i.TI4_Config)
    i.TIM2_IRQHandler                        0x08004464   Section        0  main.o(i.TIM2_IRQHandler)
    i.TIM3_IRQHandler                        0x08004480   Section        0  main.o(i.TIM3_IRQHandler)
    i.TIM_ARRPreloadConfig                   0x08004494   Section        0  stm32f10x_tim.o(i.TIM_ARRPreloadConfig)
    i.TIM_ClearFlag                          0x080044ac   Section        0  stm32f10x_tim.o(i.TIM_ClearFlag)
    i.TIM_ClearITPendingBit                  0x080044b2   Section        0  stm32f10x_tim.o(i.TIM_ClearITPendingBit)
    i.TIM_Cmd                                0x080044b8   Section        0  stm32f10x_tim.o(i.TIM_Cmd)
    i.TIM_GetCounter                         0x080044d0   Section        0  stm32f10x_tim.o(i.TIM_GetCounter)
    i.TIM_ICInit                             0x080044d8   Section        0  stm32f10x_tim.o(i.TIM_ICInit)
    i.TIM_ITConfig                           0x08004584   Section        0  stm32f10x_tim.o(i.TIM_ITConfig)
    i.TIM_OC1Init                            0x08004598   Section        0  stm32f10x_tim.o(i.TIM_OC1Init)
    i.TIM_OC1PreloadConfig                   0x08004630   Section        0  stm32f10x_tim.o(i.TIM_OC1PreloadConfig)
    i.TIM_OC2Init                            0x08004644   Section        0  stm32f10x_tim.o(i.TIM_OC2Init)
    i.TIM_OC2PreloadConfig                   0x080046e8   Section        0  stm32f10x_tim.o(i.TIM_OC2PreloadConfig)
    i.TIM_OC3Init                            0x08004704   Section        0  stm32f10x_tim.o(i.TIM_OC3Init)
    i.TIM_OC3PreloadConfig                   0x080047a4   Section        0  stm32f10x_tim.o(i.TIM_OC3PreloadConfig)
    i.TIM_OC4Init                            0x080047b8   Section        0  stm32f10x_tim.o(i.TIM_OC4Init)
    i.TIM_OC4PreloadConfig                   0x08004834   Section        0  stm32f10x_tim.o(i.TIM_OC4PreloadConfig)
    i.TIM_SetCompare1                        0x0800484e   Section        0  stm32f10x_tim.o(i.TIM_SetCompare1)
    i.TIM_SetCompare2                        0x08004852   Section        0  stm32f10x_tim.o(i.TIM_SetCompare2)
    i.TIM_SetCompare3                        0x08004856   Section        0  stm32f10x_tim.o(i.TIM_SetCompare3)
    i.TIM_SetCompare4                        0x0800485a   Section        0  stm32f10x_tim.o(i.TIM_SetCompare4)
    i.TIM_SetIC1Prescaler                    0x08004860   Section        0  stm32f10x_tim.o(i.TIM_SetIC1Prescaler)
    i.TIM_SetIC2Prescaler                    0x08004872   Section        0  stm32f10x_tim.o(i.TIM_SetIC2Prescaler)
    i.TIM_SetIC3Prescaler                    0x0800488c   Section        0  stm32f10x_tim.o(i.TIM_SetIC3Prescaler)
    i.TIM_SetIC4Prescaler                    0x0800489e   Section        0  stm32f10x_tim.o(i.TIM_SetIC4Prescaler)
    i.TIM_TimeBaseInit                       0x080048b8   Section        0  stm32f10x_tim.o(i.TIM_TimeBaseInit)
    i.TimerCapture_Init                      0x0800495c   Section        0  receive.o(i.TimerCapture_Init)
    i.Timer_Control                          0x08004b50   Section        0  timer.o(i.Timer_Control)
    i.Timer_Init                             0x08004b70   Section        0  timer.o(i.Timer_Init)
    i.USART1_IRQHandler                      0x08004ba8   Section        0  main.o(i.USART1_IRQHandler)
    i.USART_ClearFlag                        0x08004bc0   Section        0  stm32f10x_usart.o(i.USART_ClearFlag)
    i.USART_ClearITPendingBit                0x08004bd2   Section        0  stm32f10x_usart.o(i.USART_ClearITPendingBit)
    i.USART_Cmd                              0x08004bf0   Section        0  stm32f10x_usart.o(i.USART_Cmd)
    i.USART_GetFlagStatus                    0x08004c08   Section        0  stm32f10x_usart.o(i.USART_GetFlagStatus)
    i.USART_ITConfig                         0x08004c22   Section        0  stm32f10x_usart.o(i.USART_ITConfig)
    i.USART_Init                             0x08004c6c   Section        0  stm32f10x_usart.o(i.USART_Init)
    i.USART_ReceiveData                      0x08004d44   Section        0  stm32f10x_usart.o(i.USART_ReceiveData)
    i.Uart1_GetData                          0x08004d50   Section        0  usart.o(i.Uart1_GetData)
    i.Uart1_Init                             0x08004dd4   Section        0  usart.o(i.Uart1_Init)
    i.UsageFault_Handler                     0x08004e90   Section        0  stm32f10x_it.o(i.UsageFault_Handler)
    i.Vect_Copy                              0x08004e94   Section        0  rotate.o(i.Vect_Copy)
    i.Vect_Scale                             0x08004ea2   Section        0  rotate.o(i.Vect_Scale)
    i.Vect_Sub                               0x08004ec8   Section        0  rotate.o(i.Vect_Sub)
    i.Warp_ToPI                              0x08004f04   Section        0  quad_math.o(i.Warp_ToPI)
    i.__0printf                              0x08004f44   Section        0  printfa.o(i.__0printf)
    i.__ARM_fpclassify                       0x08004f64   Section        0  fpclassify.o(i.__ARM_fpclassify)
    i.__ARM_fpclassifyf                      0x08004f8c   Section        0  fpclassifyf.o(i.__ARM_fpclassifyf)
    i.__kernel_poly                          0x08004fb2   Section        0  poly.o(i.__kernel_poly)
    i.__mathlib_dbl_infnan                   0x0800505c   Section        0  dunder.o(i.__mathlib_dbl_infnan)
    i.__mathlib_dbl_underflow                0x08005064   Section        0  dunder.o(i.__mathlib_dbl_underflow)
    i.__mathlib_flt_infnan                   0x08005074   Section        0  funder.o(i.__mathlib_flt_infnan)
    i.__mathlib_flt_infnan2                  0x0800507a   Section        0  funder.o(i.__mathlib_flt_infnan2)
    i.__mathlib_flt_invalid                  0x0800507e   Section        0  funder.o(i.__mathlib_flt_invalid)
    i.__mathlib_flt_underflow                0x08005086   Section        0  funder.o(i.__mathlib_flt_underflow)
    i.__mathlib_rredf2                       0x08005090   Section        0  rredf.o(i.__mathlib_rredf2)
    i.__scatterload_copy                     0x080051f8   Section       14  handlers.o(i.__scatterload_copy)
    i.__scatterload_null                     0x08005206   Section        2  handlers.o(i.__scatterload_null)
    i.__scatterload_zeroinit                 0x08005208   Section       14  handlers.o(i.__scatterload_zeroinit)
    i.__set_errno                            0x08005218   Section        0  errno.o(i.__set_errno)
    i._fp_digits                             0x08005224   Section        0  printfa.o(i._fp_digits)
    _fp_digits                               0x08005225   Thumb Code   334  printfa.o(i._fp_digits)
    i._printf_core                           0x08005388   Section        0  printfa.o(i._printf_core)
    _printf_core                             0x08005389   Thumb Code  1744  printfa.o(i._printf_core)
    i._printf_post_padding                   0x08005a64   Section        0  printfa.o(i._printf_post_padding)
    _printf_post_padding                     0x08005a65   Thumb Code    36  printfa.o(i._printf_post_padding)
    i._printf_pre_padding                    0x08005a88   Section        0  printfa.o(i._printf_pre_padding)
    _printf_pre_padding                      0x08005a89   Thumb Code    46  printfa.o(i._printf_pre_padding)
    i.asinf                                  0x08005ab8   Section        0  asinf.o(i.asinf)
    i.atan                                   0x08005bdc   Section        0  atan.o(i.atan)
    i.atan2f                                 0x08005dfc   Section        0  atan2f.o(i.atan2f)
    i.checksum                               0x08006058   Section        0  data.o(i.checksum)
    i.cosf                                   0x080060a4   Section        0  cosf.o(i.cosf)
    i.fast_SinCos                            0x08006220   Section        0  cordic.o(i.fast_SinCos)
    i.fputc                                  0x080062b8   Section        0  usart.o(i.fputc)
    i.main                                   0x080062d4   Section        0  main.o(i.main)
    i.sinf                                   0x080062e0   Section        0  sinf.o(i.sinf)
    i.sqrt                                   0x08006468   Section        0  sqrt.o(i.sqrt)
    i.sqrtf                                  0x080064b4   Section        0  sqrtf.o(i.sqrtf)
    .constdata                               0x080064e0   Section       20  mpu6050.o(.constdata)
    .constdata                               0x080064f4   Section       12  app.o(.constdata)
    .constdata                               0x08006500   Section      152  atan.o(.constdata)
    atanhi                                   0x08006500   Data          32  atan.o(.constdata)
    atanlo                                   0x08006520   Data          32  atan.o(.constdata)
    aTodd                                    0x08006540   Data          40  atan.o(.constdata)
    aTeven                                   0x08006568   Data          48  atan.o(.constdata)
    .constdata                               0x08006598   Section       32  rredf.o(.constdata)
    twooverpi                                0x08006598   Data          32  rredf.o(.constdata)
    .data                                    0x20000000   Section       12  sonar.o(.data)
    cnt                                      0x20000000   Data           4  sonar.o(.data)
    cnt_1                                    0x20000004   Data           4  sonar.o(.data)
    cnt_2                                    0x20000008   Data           4  sonar.o(.data)
    .data                                    0x2000000c   Section       20  receive.o(.data)
    temp_cnt1                                0x2000000c   Data           2  receive.o(.data)
    temp_cnt1_2                              0x2000000e   Data           2  receive.o(.data)
    temp_cnt2                                0x20000010   Data           2  receive.o(.data)
    temp_cnt2_2                              0x20000012   Data           2  receive.o(.data)
    temp_cnt3                                0x20000014   Data           2  receive.o(.data)
    temp_cnt3_2                              0x20000016   Data           2  receive.o(.data)
    temp_cnt4                                0x20000018   Data           2  receive.o(.data)
    temp_cnt4_2                              0x2000001a   Data           2  receive.o(.data)
    temp_cnt3                                0x2000001c   Data           2  receive.o(.data)
    temp_cnt3_2                              0x2000001e   Data           2  receive.o(.data)
    .data                                    0x20000020   Section        5  usart.o(.data)
    buf_cnt                                  0x20000020   Data           4  usart.o(.data)
    capture_flag                             0x20000024   Data           1  usart.o(.data)
    .data                                    0x20000025   Section       20  stm32f10x_rcc.o(.data)
    APBAHBPrescTable                         0x20000025   Data          16  stm32f10x_rcc.o(.data)
    ADCPrescTable                            0x20000035   Data           4  stm32f10x_rcc.o(.data)
    .data                                    0x2000003c   Section       26  cordic.o(.data)
    xInit                                    0x2000003c   Data           2  cordic.o(.data)
    CordicBase                               0x2000003e   Data           2  cordic.o(.data)
    ConvertToReal                            0x20000040   Data           4  cordic.o(.data)
    ConvertToRad                             0x20000044   Data           4  cordic.o(.data)
    ConvertToCAU                             0x20000048   Data           4  cordic.o(.data)
    MaxCAU                                   0x2000004c   Data           4  cordic.o(.data)
    Quad2Bondary                             0x20000050   Data           2  cordic.o(.data)
    Quad3Bondary                             0x20000052   Data           2  cordic.o(.data)
    Quad4Bondary                             0x20000054   Data           2  cordic.o(.data)
    .data                                    0x20000058   Section       33  imu.o(.data)
    dt_halfsqure                             0x20000074   Data           4  imu.o(.data)
    update_flag                              0x20000078   Data           1  imu.o(.data)
    .data                                    0x2000007c   Section       84  pid.o(.data)
    KpAngle                                  0x2000007c   Data          12  pid.o(.data)
    KpRate                                   0x20000088   Data          12  pid.o(.data)
    KiRate                                   0x20000094   Data          12  pid.o(.data)
    KdRate                                   0x200000a0   Data          12  pid.o(.data)
    CONTROLER_KP                             0x200000ac   Data          12  pid.o(.data)
    CONTROLER_KD                             0x200000b8   Data          12  pid.o(.data)
    CONTROLER_KI                             0x200000c4   Data          12  pid.o(.data)
    .data                                    0x200000d0   Section      100  data.o(.data)
    offset_x1                                0x20000100   Data           8  data.o(.data)
    offset_x2                                0x20000108   Data           8  data.o(.data)
    offset_y1                                0x20000110   Data           8  data.o(.data)
    offset_y2                                0x20000118   Data           8  data.o(.data)
    offset_z1                                0x20000120   Data           8  data.o(.data)
    offset_z2                                0x20000128   Data           8  data.o(.data)
    Thrrote                                  0x20000130   Data           2  data.o(.data)
    flag                                     0x20000132   Data           2  data.o(.data)
    .data                                    0x20000134   Section       16  motor.o(.data)
    Result                                   0x20000134   Data           8  motor.o(.data)
    last_motor1                              0x2000013c   Data           2  motor.o(.data)
    last_motor2                              0x2000013e   Data           2  motor.o(.data)
    last_motor3                              0x20000140   Data           2  motor.o(.data)
    last_motor4                              0x20000142   Data           2  motor.o(.data)
    .data                                    0x20000144   Section       92  global.o(.data)
    .data                                    0x200001a0   Section       41  app.o(.data)
    data_dt                                  0x200001a8   Data           4  app.o(.data)
    update_loop                              0x200001ac   Data           2  app.o(.data)
    print_period                             0x200001b0   Data           4  app.o(.data)
    led_loopcnt                              0x200001b4   Data           4  app.o(.data)
    command_loopcnt                          0x200001b8   Data           4  app.o(.data)
    uart_loopcnt                             0x200001bc   Data           4  app.o(.data)
    timestamp_old                            0x200001c0   Data           2  app.o(.data)
    dt                                       0x200001c4   Data           4  app.o(.data)
    yaw_init                                 0x200001c8   Data           1  app.o(.data)
    .data                                    0x200001cc   Section        8  main.o(.data)
    Basetime                                 0x200001cc   Data           2  main.o(.data)
    Dt                                       0x200001d0   Data           4  main.o(.data)
    .data                                    0x200001d4   Section        4  stdout.o(.data)
    .data                                    0x200001d8   Section        4  errno.o(.data)
    _errno                                   0x200001d8   Data           4  errno.o(.data)
    .bss                                     0x200001dc   Section       24  cordic.o(.bss)
    ArcTan                                   0x200001dc   Data          24  cordic.o(.bss)
    .bss                                     0x200001f4   Section       12  imu.o(.bss)
    acci                                     0x200001f4   Data          12  imu.o(.bss)
    .bss                                     0x20000200   Section      156  pid.o(.bss)
    LastErrorRate                            0x20000200   Data          12  pid.o(.bss)
    P_ErrorRate                              0x2000020c   Data          12  pid.o(.bss)
    D_ErrorRate                              0x20000218   Data          12  pid.o(.bss)
    I_ErrorRate                              0x20000224   Data          12  pid.o(.bss)
    t_position_old                           0x20000230   Data          12  pid.o(.bss)
    t_position_dold                          0x2000023c   Data          12  pid.o(.bss)
    t_position_d                             0x20000248   Data          12  pid.o(.bss)
    t_position_dd                            0x20000254   Data          12  pid.o(.bss)
    error_pos_p                              0x20000260   Data          12  pid.o(.bss)
    error_pos_d                              0x2000026c   Data          12  pid.o(.bss)
    error_pos_i                              0x20000278   Data          12  pid.o(.bss)
    des_acc                                  0x20000284   Data          12  pid.o(.bss)
    des_acc_b                                0x20000290   Data          12  pid.o(.bss)
    .bss                                     0x2000029c   Section       30  data.o(.bss)
    .bss                                     0x200002bc   Section      268  global.o(.bss)
    .bss                                     0x200003c8   Section       36  app.o(.bss)
    cam_pos                                  0x200003c8   Data          12  app.o(.bss)
    cam_vel                                  0x200003d4   Data          12  app.o(.bss)
    last_cam_pos                             0x200003e0   Data          12  app.o(.bss)
    .bss                                     0x200003ec   Section       24  main.o(.bss)
    STACK                                    0x20000408   Section     4096  startup_stm32f10x_md.o(STACK)

    Global Symbols

    Symbol Name                              Value     Ov Type        Size  Object(Section)

    BuildAttributes$$THM_ISAv4$P$D$K$B$S$PE$A:L22UL41UL21$X:L11$S22US41US21$IEEE1$IW$USESV6$~STKCKD$USESV7$~SHL$OTIME$ROPI$IEEEX$EBA8$MICROLIB$REQ8$PRES8$EABIv2 0x00000000   Number         0  anon$$obj.o ABSOLUTE
    __ARM_use_no_argv                        0x00000000   Number         0  main.o ABSOLUTE
    _printf_a                                0x00000000   Number         0  stubs.o ABSOLUTE
    _printf_c                                0x00000000   Number         0  stubs.o ABSOLUTE
    _printf_charcount                        0x00000000   Number         0  stubs.o ABSOLUTE
    _printf_d                                0x00000000   Number         0  stubs.o ABSOLUTE
    _printf_e                                0x00000000   Number         0  stubs.o ABSOLUTE
    _printf_f                                0x00000000   Number         0  stubs.o ABSOLUTE
    _printf_flags                            0x00000000   Number         0  stubs.o ABSOLUTE
    _printf_fp_dec                           0x00000000   Number         0  stubs.o ABSOLUTE
    _printf_fp_hex                           0x00000000   Number         0  stubs.o ABSOLUTE
    _printf_g                                0x00000000   Number         0  stubs.o ABSOLUTE
    _printf_i                                0x00000000   Number         0  stubs.o ABSOLUTE
    _printf_int_dec                          0x00000000   Number         0  stubs.o ABSOLUTE
    _printf_l                                0x00000000   Number         0  stubs.o ABSOLUTE
    _printf_lc                               0x00000000   Number         0  stubs.o ABSOLUTE
    _printf_ll                               0x00000000   Number         0  stubs.o ABSOLUTE
    _printf_lld                              0x00000000   Number         0  stubs.o ABSOLUTE
    _printf_lli                              0x00000000   Number         0  stubs.o ABSOLUTE
    _printf_llo                              0x00000000   Number         0  stubs.o ABSOLUTE
    _printf_llu                              0x00000000   Number         0  stubs.o ABSOLUTE
    _printf_llx                              0x00000000   Number         0  stubs.o ABSOLUTE
    _printf_longlong_dec                     0x00000000   Number         0  stubs.o ABSOLUTE
    _printf_longlong_hex                     0x00000000   Number         0  stubs.o ABSOLUTE
    _printf_longlong_oct                     0x00000000   Number         0  stubs.o ABSOLUTE
    _printf_ls                               0x00000000   Number         0  stubs.o ABSOLUTE
    _printf_mbtowc                           0x00000000   Number         0  stubs.o ABSOLUTE
    _printf_n                                0x00000000   Number         0  stubs.o ABSOLUTE
    _printf_o                                0x00000000   Number         0  stubs.o ABSOLUTE
    _printf_p                                0x00000000   Number         0  stubs.o ABSOLUTE
    _printf_percent                          0x00000000   Number         0  stubs.o ABSOLUTE
    _printf_pre_padding                      0x00000000   Number         0  stubs.o ABSOLUTE
    _printf_return_value                     0x00000000   Number         0  stubs.o ABSOLUTE
    _printf_s                                0x00000000   Number         0  stubs.o ABSOLUTE
    _printf_sizespec                         0x00000000   Number         0  stubs.o ABSOLUTE
    _printf_str                              0x00000000   Number         0  stubs.o ABSOLUTE
    _printf_truncate_signed                  0x00000000   Number         0  stubs.o ABSOLUTE
    _printf_truncate_unsigned                0x00000000   Number         0  stubs.o ABSOLUTE
    _printf_u                                0x00000000   Number         0  stubs.o ABSOLUTE
    _printf_wc                               0x00000000   Number         0  stubs.o ABSOLUTE
    _printf_wctomb                           0x00000000   Number         0  stubs.o ABSOLUTE
    _printf_widthprec                        0x00000000   Number         0  stubs.o ABSOLUTE
    _printf_x                                0x00000000   Number         0  stubs.o ABSOLUTE
    __cpp_initialize__aeabi_                  - Undefined Weak Reference
    __cxa_finalize                            - Undefined Weak Reference
    _clock_init                               - Undefined Weak Reference
    _microlib_exit                            - Undefined Weak Reference
    __Vectors_Size                           0x000000ec   Number         0  startup_stm32f10x_md.o ABSOLUTE
    __Vectors                                0x08000000   Data           4  startup_stm32f10x_md.o(RESET)
    __Vectors_End                            0x080000ec   Data           0  startup_stm32f10x_md.o(RESET)
    __main                                   0x080000ed   Thumb Code     0  entry.o(.ARM.Collect$$$$00000000)
    _main_stk                                0x080000ed   Thumb Code     0  entry2.o(.ARM.Collect$$$$00000001)
    _main_scatterload                        0x080000f1   Thumb Code     0  entry5.o(.ARM.Collect$$$$00000004)
    __main_after_scatterload                 0x080000f5   Thumb Code     0  entry5.o(.ARM.Collect$$$$00000004)
    _main_clock                              0x080000f5   Thumb Code     0  entry7b.o(.ARM.Collect$$$$00000008)
    _main_cpp_init                           0x080000f5   Thumb Code     0  entry8b.o(.ARM.Collect$$$$0000000A)
    _main_init                               0x080000f5   Thumb Code     0  entry9a.o(.ARM.Collect$$$$0000000B)
    __rt_final_cpp                           0x080000fd   Thumb Code     0  entry10a.o(.ARM.Collect$$$$0000000D)
    __rt_final_exit                          0x080000fd   Thumb Code     0  entry11a.o(.ARM.Collect$$$$0000000F)
    Reset_Handler                            0x08000101   Thumb Code     8  startup_stm32f10x_md.o(.text)
    ADC1_2_IRQHandler                        0x0800011b   Thumb Code     0  startup_stm32f10x_md.o(.text)
    CAN1_RX1_IRQHandler                      0x0800011b   Thumb Code     0  startup_stm32f10x_md.o(.text)
    CAN1_SCE_IRQHandler                      0x0800011b   Thumb Code     0  startup_stm32f10x_md.o(.text)
    DMA1_Channel1_IRQHandler                 0x0800011b   Thumb Code     0  startup_stm32f10x_md.o(.text)
    DMA1_Channel2_IRQHandler                 0x0800011b   Thumb Code     0  startup_stm32f10x_md.o(.text)
    DMA1_Channel3_IRQHandler                 0x0800011b   Thumb Code     0  startup_stm32f10x_md.o(.text)
    DMA1_Channel4_IRQHandler                 0x0800011b   Thumb Code     0  startup_stm32f10x_md.o(.text)
    DMA1_Channel5_IRQHandler                 0x0800011b   Thumb Code     0  startup_stm32f10x_md.o(.text)
    DMA1_Channel6_IRQHandler                 0x0800011b   Thumb Code     0  startup_stm32f10x_md.o(.text)
    DMA1_Channel7_IRQHandler                 0x0800011b   Thumb Code     0  startup_stm32f10x_md.o(.text)
    EXTI0_IRQHandler                         0x0800011b   Thumb Code     0  startup_stm32f10x_md.o(.text)
    EXTI2_IRQHandler                         0x0800011b   Thumb Code     0  startup_stm32f10x_md.o(.text)
    EXTI3_IRQHandler                         0x0800011b   Thumb Code     0  startup_stm32f10x_md.o(.text)
    EXTI4_IRQHandler                         0x0800011b   Thumb Code     0  startup_stm32f10x_md.o(.text)
    EXTI9_5_IRQHandler                       0x0800011b   Thumb Code     0  startup_stm32f10x_md.o(.text)
    FLASH_IRQHandler                         0x0800011b   Thumb Code     0  startup_stm32f10x_md.o(.text)
    I2C1_ER_IRQHandler                       0x0800011b   Thumb Code     0  startup_stm32f10x_md.o(.text)
    I2C1_EV_IRQHandler                       0x0800011b   Thumb Code     0  startup_stm32f10x_md.o(.text)
    I2C2_ER_IRQHandler                       0x0800011b   Thumb Code     0  startup_stm32f10x_md.o(.text)
    I2C2_EV_IRQHandler                       0x0800011b   Thumb Code     0  startup_stm32f10x_md.o(.text)
    PVD_IRQHandler                           0x0800011b   Thumb Code     0  startup_stm32f10x_md.o(.text)
    RCC_IRQHandler                           0x0800011b   Thumb Code     0  startup_stm32f10x_md.o(.text)
    RTCAlarm_IRQHandler                      0x0800011b   Thumb Code     0  startup_stm32f10x_md.o(.text)
    RTC_IRQHandler                           0x0800011b   Thumb Code     0  startup_stm32f10x_md.o(.text)
    SPI1_IRQHandler                          0x0800011b   Thumb Code     0  startup_stm32f10x_md.o(.text)
    SPI2_IRQHandler                          0x0800011b   Thumb Code     0  startup_stm32f10x_md.o(.text)
    TAMPER_IRQHandler                        0x0800011b   Thumb Code     0  startup_stm32f10x_md.o(.text)
    TIM1_BRK_IRQHandler                      0x0800011b   Thumb Code     0  startup_stm32f10x_md.o(.text)
    TIM1_CC_IRQHandler                       0x0800011b   Thumb Code     0  startup_stm32f10x_md.o(.text)
    TIM1_TRG_COM_IRQHandler                  0x0800011b   Thumb Code     0  startup_stm32f10x_md.o(.text)
    TIM1_UP_IRQHandler                       0x0800011b   Thumb Code     0  startup_stm32f10x_md.o(.text)
    TIM4_IRQHandler                          0x0800011b   Thumb Code     0  startup_stm32f10x_md.o(.text)
    USART2_IRQHandler                        0x0800011b   Thumb Code     0  startup_stm32f10x_md.o(.text)
    USART3_IRQHandler                        0x0800011b   Thumb Code     0  startup_stm32f10x_md.o(.text)
    USBWakeUp_IRQHandler                     0x0800011b   Thumb Code     0  startup_stm32f10x_md.o(.text)
    USB_HP_CAN1_TX_IRQHandler                0x0800011b   Thumb Code     0  startup_stm32f10x_md.o(.text)
    USB_LP_CAN1_RX0_IRQHandler               0x0800011b   Thumb Code     0  startup_stm32f10x_md.o(.text)
    WWDG_IRQHandler                          0x0800011b   Thumb Code     0  startup_stm32f10x_md.o(.text)
    __aeabi_memcpy                           0x08000125   Thumb Code    36  memcpya.o(.text)
    __aeabi_memcpy4                          0x08000125   Thumb Code     0  memcpya.o(.text)
    __aeabi_memcpy8                          0x08000125   Thumb Code     0  memcpya.o(.text)
    __aeabi_fadd                             0x08000149   Thumb Code   164  fadd.o(.text)
    __aeabi_fsub                             0x080001ed   Thumb Code     6  fadd.o(.text)
    __aeabi_frsub                            0x080001f3   Thumb Code     6  fadd.o(.text)
    __aeabi_fmul                             0x080001f9   Thumb Code   100  fmul.o(.text)
    __aeabi_fdiv                             0x0800025d   Thumb Code   124  fdiv.o(.text)
    __aeabi_dadd                             0x080002d9   Thumb Code   322  dadd.o(.text)
    __aeabi_dsub                             0x0800041b   Thumb Code     6  dadd.o(.text)
    __aeabi_drsub                            0x08000421   Thumb Code     6  dadd.o(.text)
    __aeabi_dmul                             0x08000427   Thumb Code   228  dmul.o(.text)
    __aeabi_ddiv                             0x0800050b   Thumb Code   222  ddiv.o(.text)
    __aeabi_i2f                              0x080005e9   Thumb Code    18  fflti.o(.text)
    __aeabi_ui2f                             0x080005fb   Thumb Code    10  ffltui.o(.text)
    __aeabi_i2d                              0x08000605   Thumb Code    34  dflti.o(.text)
    __aeabi_ui2d                             0x08000627   Thumb Code    26  dfltui.o(.text)
    __aeabi_f2iz                             0x08000641   Thumb Code    50  ffixi.o(.text)
    __aeabi_f2uiz                            0x08000673   Thumb Code    40  ffixui.o(.text)
    __aeabi_d2iz                             0x0800069b   Thumb Code    62  dfixi.o(.text)
    __aeabi_f2d                              0x080006d9   Thumb Code    38  f2d.o(.text)
    __aeabi_cdcmpeq                          0x08000701   Thumb Code     0  cdcmple.o(.text)
    __aeabi_cdcmple                          0x08000701   Thumb Code    48  cdcmple.o(.text)
    __aeabi_cdrcmple                         0x08000731   Thumb Code    48  cdrcmple.o(.text)
    __aeabi_d2f                              0x08000761   Thumb Code    56  d2f.o(.text)
    __aeabi_cfcmpeq                          0x08000799   Thumb Code     0  cfcmple.o(.text)
    __aeabi_cfcmple                          0x08000799   Thumb Code    20  cfcmple.o(.text)
    __aeabi_cfrcmple                         0x080007ad   Thumb Code    20  cfrcmple.o(.text)
    __aeabi_uidiv                            0x080007c1   Thumb Code     0  uidiv.o(.text)
    __aeabi_uidivmod                         0x080007c1   Thumb Code    44  uidiv.o(.text)
    __aeabi_uldivmod                         0x080007ed   Thumb Code    98  uldiv.o(.text)
    __aeabi_llsl                             0x0800084f   Thumb Code    30  llshl.o(.text)
    _ll_shift_l                              0x0800084f   Thumb Code     0  llshl.o(.text)
    __aeabi_llsr                             0x0800086d   Thumb Code    32  llushr.o(.text)
    _ll_ushift_r                             0x0800086d   Thumb Code     0  llushr.o(.text)
    __aeabi_lasr                             0x0800088d   Thumb Code    36  llsshr.o(.text)
    _ll_sshift_r                             0x0800088d   Thumb Code     0  llsshr.o(.text)
    __I$use$fp                               0x080008b1   Thumb Code     0  iusefp.o(.text)
    _float_round                             0x080008b1   Thumb Code    18  fepilogue.o(.text)
    _float_epilogue                          0x080008c3   Thumb Code    92  fepilogue.o(.text)
    __ARM_scalbnf                            0x0800091f   Thumb Code    24  fscalb.o(.text)
    scalbnf                                  0x0800091f   Thumb Code     0  fscalb.o(.text)
    _fsqrt                                   0x08000937   Thumb Code    94  fsqrt.o(.text)
    _frnd                                    0x08000995   Thumb Code    60  frnd.o(.text)
    _double_round                            0x080009d1   Thumb Code    30  depilogue.o(.text)
    _double_epilogue                         0x080009ef   Thumb Code   156  depilogue.o(.text)
    __ARM_scalbn                             0x08000a8b   Thumb Code    46  dscalb.o(.text)
    scalbn                                   0x08000a8b   Thumb Code     0  dscalb.o(.text)
    _dsqrt                                   0x08000ab9   Thumb Code   162  dsqrt.o(.text)
    __aeabi_d2ulz                            0x08000b5b   Thumb Code    48  dfixul.o(.text)
    __scatterload                            0x08000b8d   Thumb Code    28  init.o(.text)
    __scatterload_rt2                        0x08000b8d   Thumb Code     0  init.o(.text)
    __decompress                             0x08000bb1   Thumb Code     0  __dczerorl2.o(.text)
    __decompress1                            0x08000bb1   Thumb Code    86  __dczerorl2.o(.text)
    BusFault_Handler                         0x08000c07   Thumb Code     4  stm32f10x_it.o(i.BusFault_Handler)
    CORDIC_Init                              0x08000c0d   Thumb Code   398  cordic.o(i.CORDIC_Init)
    CORDIC_SinCos                            0x08000dd9   Thumb Code   280  cordic.o(i.CORDIC_SinCos)
    Com_AttPosGet                            0x08000f09   Thumb Code   836  app.o(i.Com_AttPosGet)
    Constraint_f                             0x080012a1   Thumb Code    38  quad_math.o(i.Constraint_f)
    DLPF                                     0x080012c9   Thumb Code    74  quad_math.o(i.DLPF)
    Data_Init                                0x08001319   Thumb Code     8  data.o(i.Data_Init)
    Data_Update                              0x08001321   Thumb Code   224  app.o(i.Data_Update)
    DebugMon_Handler                         0x08001449   Thumb Code     2  stm32f10x_it.o(i.DebugMon_Handler)
    Delay_ms                                 0x0800144b   Thumb Code    28  delay.o(i.Delay_ms)
    Delay_us                                 0x08001467   Thumb Code    22  delay.o(i.Delay_us)
    EXTI15_10_IRQHandler                     0x0800147d   Thumb Code    70  main.o(i.EXTI15_10_IRQHandler)
    EXTI1_IRQHandler                         0x080014e5   Thumb Code    14  main.o(i.EXTI1_IRQHandler)
    EXTI_ClearITPendingBit                   0x080014f5   Thumb Code     6  stm32f10x_exti.o(i.EXTI_ClearITPendingBit)
    EXTI_Init                                0x08001501   Thumb Code   142  stm32f10x_exti.o(i.EXTI_Init)
    EXTI_Pinconfig                           0x08001595   Thumb Code    62  exti.o(i.EXTI_Pinconfig)
    Estimate_Status                          0x080015d9   Thumb Code   896  imu.o(i.Estimate_Status)
    Eular_Control                            0x0800199d   Thumb Code   710  pid.o(i.Eular_Control)
    Eular_RoateVect                          0x08001cad   Thumb Code   366  rotate.o(i.Eular_RoateVect)
    Exti_Init                                0x08001e1b   Thumb Code    82  exti.o(i.Exti_Init)
    FL_ABS                                   0x08001e6d   Thumb Code    24  quad_math.o(i.FL_ABS)
    GPIO_EXTILineConfig                      0x08001e85   Thumb Code    60  stm32f10x_gpio.o(i.GPIO_EXTILineConfig)
    GPIO_Init                                0x08001ec5   Thumb Code   278  stm32f10x_gpio.o(i.GPIO_Init)
    GPIO_PinRemapConfig                      0x08001fdd   Thumb Code   138  stm32f10x_gpio.o(i.GPIO_PinRemapConfig)
    GPIO_ReadInputDataBit                    0x0800206d   Thumb Code    18  stm32f10x_gpio.o(i.GPIO_ReadInputDataBit)
    GPIO_ReadOutputDataBit                   0x0800207f   Thumb Code    18  stm32f10x_gpio.o(i.GPIO_ReadOutputDataBit)
    GPIO_ResetBits                           0x08002091   Thumb Code     4  stm32f10x_gpio.o(i.GPIO_ResetBits)
    GPIO_SetBits                             0x08002095   Thumb Code     4  stm32f10x_gpio.o(i.GPIO_SetBits)
    G_GetDt                                  0x08002099   Thumb Code    64  global.o(i.G_GetDt)
    HardFault_Handler                        0x080020e1   Thumb Code     4  stm32f10x_it.o(i.HardFault_Handler)
    Hardware_Init                            0x080020e5   Thumb Code   126  bsp.o(i.Hardware_Init)
    IIC_Ack                                  0x08002209   Thumb Code    80  iic.o(i.IIC_Ack)
    IIC_Init                                 0x0800225d   Thumb Code    60  iic.o(i.IIC_Init)
    IIC_Nack                                 0x0800229d   Thumb Code    80  iic.o(i.IIC_Nack)
    IIC_Readbyte                             0x080022f1   Thumb Code   114  iic.o(i.IIC_Readbyte)
    IIC_Sendbyte                             0x08002369   Thumb Code   128  iic.o(i.IIC_Sendbyte)
    IIC_Start                                0x080023ed   Thumb Code    84  iic.o(i.IIC_Start)
    IIC_Stop                                 0x08002445   Thumb Code    84  iic.o(i.IIC_Stop)
    IIC_Waitack                              0x0800249d   Thumb Code   110  iic.o(i.IIC_Waitack)
    Imu_DataGet                              0x08002511   Thumb Code    40  data.o(i.Imu_DataGet)
    Led_Init                                 0x08002545   Thumb Code    94  led.o(i.Led_Init)
    Led_Off0                                 0x080025b1   Thumb Code    12  led.o(i.Led_Off0)
    Led_Off1                                 0x080025c1   Thumb Code    12  led.o(i.Led_Off1)
    Led_On0                                  0x080025d1   Thumb Code    12  led.o(i.Led_On0)
    Led_On1                                  0x080025e1   Thumb Code    12  led.o(i.Led_On1)
    Led_Transpose0                           0x080025f1   Thumb Code    26  led.o(i.Led_Transpose0)
    Lock_Control                             0x08002611   Thumb Code   370  app.o(i.Lock_Control)
    MPU_Getaccelerometergyroscope            0x080027a9   Thumb Code   162  mpu6050.o(i.MPU_Getaccelerometergyroscope)
    MPU_Init                                 0x0800284d   Thumb Code    56  mpu6050.o(i.MPU_Init)
    MPU_Readlen                              0x08002889   Thumb Code   116  mpu6050.o(i.MPU_Readlen)
    MPU_Writebyte                            0x080028fd   Thumb Code    68  mpu6050.o(i.MPU_Writebyte)
    Matrix_EstimateEuler                     0x08002941   Thumb Code  1194  imu.o(i.Matrix_EstimateEuler)
    MemManage_Handler                        0x08002e01   Thumb Code     4  stm32f10x_it.o(i.MemManage_Handler)
    Moto_Clear                               0x08002e05   Thumb Code    36  motor.o(i.Moto_Clear)
    Moto_PwmRflash                           0x08002e29   Thumb Code   222  motor.o(i.Moto_PwmRflash)
    Moto_SetPwm                              0x08002f11   Thumb Code   300  motor.o(i.Moto_SetPwm)
    Mpu_DataHandle                           0x08003049   Thumb Code   250  data.o(i.Mpu_DataHandle)
    Mpu_GyroOffest                           0x08003169   Thumb Code   472  data.o(i.Mpu_GyroOffest)
    NMI_Handler                              0x0800335d   Thumb Code     2  stm32f10x_it.o(i.NMI_Handler)
    NVIC_Init                                0x08003361   Thumb Code   100  misc.o(i.NVIC_Init)
    NVIC_PriorityGroupConfig                 0x080033d1   Thumb Code    10  misc.o(i.NVIC_PriorityGroupConfig)
    PendSV_Handler                           0x080033e5   Thumb Code     2  stm32f10x_it.o(i.PendSV_Handler)
    Position_Control                         0x080033e9   Thumb Code   772  pid.o(i.Position_Control)
    Pwm_Set1                                 0x08003741   Thumb Code    14  pwm.o(i.Pwm_Set1)
    Pwm_Set2                                 0x08003755   Thumb Code    14  pwm.o(i.Pwm_Set2)
    Pwm_Set3                                 0x08003769   Thumb Code    14  pwm.o(i.Pwm_Set3)
    Pwm_Set4                                 0x0800377d   Thumb Code    14  pwm.o(i.Pwm_Set4)
    Pwm_init                                 0x08003791   Thumb Code   238  pwm.o(i.Pwm_init)
    Quadrotor_Control                        0x08003889   Thumb Code   172  app.o(i.Quadrotor_Control)
    RCC_APB1PeriphClockCmd                   0x08003955   Thumb Code    26  stm32f10x_rcc.o(i.RCC_APB1PeriphClockCmd)
    RCC_APB2PeriphClockCmd                   0x08003975   Thumb Code    26  stm32f10x_rcc.o(i.RCC_APB2PeriphClockCmd)
    RCC_GetClocksFreq                        0x08003995   Thumb Code   192  stm32f10x_rcc.o(i.RCC_GetClocksFreq)
    ReceiveData_Convert                      0x08003a69   Thumb Code   238  data.o(i.ReceiveData_Convert)
    ReceiveData_Norm                         0x08003b75   Thumb Code   180  data.o(i.ReceiveData_Norm)
    Remote_ChxGet                            0x08003c31   Thumb Code    10  data.o(i.Remote_ChxGet)
    Remote_CommandGet                        0x08003c41   Thumb Code    22  data.o(i.Remote_CommandGet)
    Remote_StatusGet                         0x08003c61   Thumb Code   174  data.o(i.Remote_StatusGet)
    Reseave_IrqTIM2                          0x08003d2d   Thumb Code   486  receive.o(i.Reseave_IrqTIM2)
    Reseave_IrqTIM3                          0x08003f3d   Thumb Code   120  receive.o(i.Reseave_IrqTIM3)
    SVC_Handler                              0x08003fc5   Thumb Code     2  stm32f10x_it.o(i.SVC_Handler)
    Sonar_DataGet                            0x080040b1   Thumb Code    12  data.o(i.Sonar_DataGet)
    Sonar_Getwidth                           0x080040c5   Thumb Code   172  sonar.o(i.Sonar_Getwidth)
    Sonar_GpioInit                           0x0800418d   Thumb Code    40  sonar.o(i.Sonar_GpioInit)
    Startup                                  0x080041b9   Thumb Code     8  app.o(i.Startup)
    SysTick_Handler                          0x080041c1   Thumb Code     2  stm32f10x_it.o(i.SysTick_Handler)
    SystemInit                               0x080041c5   Thumb Code    78  system_stm32f10x.o(i.SystemInit)
    TIM2_IRQHandler                          0x08004465   Thumb Code    24  main.o(i.TIM2_IRQHandler)
    TIM3_IRQHandler                          0x08004481   Thumb Code    16  main.o(i.TIM3_IRQHandler)
    TIM_ARRPreloadConfig                     0x08004495   Thumb Code    24  stm32f10x_tim.o(i.TIM_ARRPreloadConfig)
    TIM_ClearFlag                            0x080044ad   Thumb Code     6  stm32f10x_tim.o(i.TIM_ClearFlag)
    TIM_ClearITPendingBit                    0x080044b3   Thumb Code     6  stm32f10x_tim.o(i.TIM_ClearITPendingBit)
    TIM_Cmd                                  0x080044b9   Thumb Code    24  stm32f10x_tim.o(i.TIM_Cmd)
    TIM_GetCounter                           0x080044d1   Thumb Code     6  stm32f10x_tim.o(i.TIM_GetCounter)
    TIM_ICInit                               0x080044d9   Thumb Code   150  stm32f10x_tim.o(i.TIM_ICInit)
    TIM_ITConfig                             0x08004585   Thumb Code    18  stm32f10x_tim.o(i.TIM_ITConfig)
    TIM_OC1Init                              0x08004599   Thumb Code   132  stm32f10x_tim.o(i.TIM_OC1Init)
    TIM_OC1PreloadConfig                     0x08004631   Thumb Code    18  stm32f10x_tim.o(i.TIM_OC1PreloadConfig)
    TIM_OC2Init                              0x08004645   Thumb Code   154  stm32f10x_tim.o(i.TIM_OC2Init)
    TIM_OC2PreloadConfig                     0x080046e9   Thumb Code    26  stm32f10x_tim.o(i.TIM_OC2PreloadConfig)
    TIM_OC3Init                              0x08004705   Thumb Code   150  stm32f10x_tim.o(i.TIM_OC3Init)
    TIM_OC3PreloadConfig                     0x080047a5   Thumb Code    18  stm32f10x_tim.o(i.TIM_OC3PreloadConfig)
    TIM_OC4Init                              0x080047b9   Thumb Code   114  stm32f10x_tim.o(i.TIM_OC4Init)
    TIM_OC4PreloadConfig                     0x08004835   Thumb Code    26  stm32f10x_tim.o(i.TIM_OC4PreloadConfig)
    TIM_SetCompare1                          0x0800484f   Thumb Code     4  stm32f10x_tim.o(i.TIM_SetCompare1)
    TIM_SetCompare2                          0x08004853   Thumb Code     4  stm32f10x_tim.o(i.TIM_SetCompare2)
    TIM_SetCompare3                          0x08004857   Thumb Code     4  stm32f10x_tim.o(i.TIM_SetCompare3)
    TIM_SetCompare4                          0x0800485b   Thumb Code     6  stm32f10x_tim.o(i.TIM_SetCompare4)
    TIM_SetIC1Prescaler                      0x08004861   Thumb Code    18  stm32f10x_tim.o(i.TIM_SetIC1Prescaler)
    TIM_SetIC2Prescaler                      0x08004873   Thumb Code    26  stm32f10x_tim.o(i.TIM_SetIC2Prescaler)
    TIM_SetIC3Prescaler                      0x0800488d   Thumb Code    18  stm32f10x_tim.o(i.TIM_SetIC3Prescaler)
    TIM_SetIC4Prescaler                      0x0800489f   Thumb Code    26  stm32f10x_tim.o(i.TIM_SetIC4Prescaler)
    TIM_TimeBaseInit                         0x080048b9   Thumb Code   122  stm32f10x_tim.o(i.TIM_TimeBaseInit)
    TimerCapture_Init                        0x0800495d   Thumb Code   486  receive.o(i.TimerCapture_Init)
    Timer_Control                            0x08004b51   Thumb Code    28  timer.o(i.Timer_Control)
    Timer_Init                               0x08004b71   Thumb Code    50  timer.o(i.Timer_Init)
    USART1_IRQHandler                        0x08004ba9   Thumb Code    18  main.o(i.USART1_IRQHandler)
    USART_ClearFlag                          0x08004bc1   Thumb Code    18  stm32f10x_usart.o(i.USART_ClearFlag)
    USART_ClearITPendingBit                  0x08004bd3   Thumb Code    30  stm32f10x_usart.o(i.USART_ClearITPendingBit)
    USART_Cmd                                0x08004bf1   Thumb Code    24  stm32f10x_usart.o(i.USART_Cmd)
    USART_GetFlagStatus                      0x08004c09   Thumb Code    26  stm32f10x_usart.o(i.USART_GetFlagStatus)
    USART_ITConfig                           0x08004c23   Thumb Code    74  stm32f10x_usart.o(i.USART_ITConfig)
    USART_Init                               0x08004c6d   Thumb Code   210  stm32f10x_usart.o(i.USART_Init)
    USART_ReceiveData                        0x08004d45   Thumb Code    10  stm32f10x_usart.o(i.USART_ReceiveData)
    Uart1_GetData                            0x08004d51   Thumb Code   110  usart.o(i.Uart1_GetData)
    Uart1_Init                               0x08004dd5   Thumb Code   180  usart.o(i.Uart1_Init)
    UsageFault_Handler                       0x08004e91   Thumb Code     4  stm32f10x_it.o(i.UsageFault_Handler)
    Vect_Copy                                0x08004e95   Thumb Code    14  rotate.o(i.Vect_Copy)
    Vect_Scale                               0x08004ea3   Thumb Code    38  rotate.o(i.Vect_Scale)
    Vect_Sub                                 0x08004ec9   Thumb Code    60  rotate.o(i.Vect_Sub)
    Warp_ToPI                                0x08004f05   Thumb Code    52  quad_math.o(i.Warp_ToPI)
    __0printf                                0x08004f45   Thumb Code    22  printfa.o(i.__0printf)
    __1printf                                0x08004f45   Thumb Code     0  printfa.o(i.__0printf)
    __2printf                                0x08004f45   Thumb Code     0  printfa.o(i.__0printf)
    __c89printf                              0x08004f45   Thumb Code     0  printfa.o(i.__0printf)
    printf                                   0x08004f45   Thumb Code     0  printfa.o(i.__0printf)
    __ARM_fpclassify                         0x08004f65   Thumb Code    40  fpclassify.o(i.__ARM_fpclassify)
    __ARM_fpclassifyf                        0x08004f8d   Thumb Code    38  fpclassifyf.o(i.__ARM_fpclassifyf)
    __kernel_poly                            0x08004fb3   Thumb Code   170  poly.o(i.__kernel_poly)
    __mathlib_dbl_infnan                     0x0800505d   Thumb Code     6  dunder.o(i.__mathlib_dbl_infnan)
    __mathlib_dbl_underflow                  0x08005065   Thumb Code    10  dunder.o(i.__mathlib_dbl_underflow)
    __mathlib_flt_infnan                     0x08005075   Thumb Code     6  funder.o(i.__mathlib_flt_infnan)
    __mathlib_flt_infnan2                    0x0800507b   Thumb Code     4  funder.o(i.__mathlib_flt_infnan2)
    __mathlib_flt_invalid                    0x0800507f   Thumb Code     8  funder.o(i.__mathlib_flt_invalid)
    __mathlib_flt_underflow                  0x08005087   Thumb Code    10  funder.o(i.__mathlib_flt_underflow)
    __mathlib_rredf2                         0x08005091   Thumb Code   344  rredf.o(i.__mathlib_rredf2)
    __scatterload_copy                       0x080051f9   Thumb Code    14  handlers.o(i.__scatterload_copy)
    __scatterload_null                       0x08005207   Thumb Code     2  handlers.o(i.__scatterload_null)
    __scatterload_zeroinit                   0x08005209   Thumb Code    14  handlers.o(i.__scatterload_zeroinit)
    __set_errno                              0x08005219   Thumb Code     6  errno.o(i.__set_errno)
    asinf                                    0x08005ab9   Thumb Code   254  asinf.o(i.asinf)
    atan                                     0x08005bdd   Thumb Code   474  atan.o(i.atan)
    atan2f                                   0x08005dfd   Thumb Code   528  atan2f.o(i.atan2f)
    checksum                                 0x08006059   Thumb Code    76  data.o(i.checksum)
    cosf                                     0x080060a5   Thumb Code   328  cosf.o(i.cosf)
    fast_SinCos                              0x08006221   Thumb Code   140  cordic.o(i.fast_SinCos)
    fputc                                    0x080062b9   Thumb Code    24  usart.o(i.fputc)
    main                                     0x080062d5   Thumb Code    12  main.o(i.main)
    sinf                                     0x080062e1   Thumb Code   338  sinf.o(i.sinf)
    sqrt                                     0x08006469   Thumb Code    76  sqrt.o(i.sqrt)
    sqrtf                                    0x080064b5   Thumb Code    44  sqrtf.o(i.sqrtf)
    Region$$Table$$Base                      0x080065b8   Number         0  anon$$obj.o(Region$$Table)
    Region$$Table$$Limit                     0x080065d8   Number         0  anon$$obj.o(Region$$Table)
    q0                                       0x20000058   Data           4  imu.o(.data)
    q1                                       0x2000005c   Data           4  imu.o(.data)
    q2                                       0x20000060   Data           4  imu.o(.data)
    q3                                       0x20000064   Data           4  imu.o(.data)
    exInt                                    0x20000068   Data           4  imu.o(.data)
    eyInt                                    0x2000006c   Data           4  imu.o(.data)
    ezInt                                    0x20000070   Data           4  imu.o(.data)
    Acc_Offsetx                              0x200000d0   Data           2  data.o(.data)
    Acc_Offsety                              0x200000d2   Data           2  data.o(.data)
    Acc_Offsetz                              0x200000d4   Data           2  data.o(.data)
    Gyro_Offsetx                             0x200000d8   Data           4  data.o(.data)
    Gyro_Offsety                             0x200000dc   Data           4  data.o(.data)
    Gyro_Offsetz                             0x200000e0   Data           4  data.o(.data)
    Kaccx                                    0x200000e4   Data           4  data.o(.data)
    Kaccy                                    0x200000e8   Data           4  data.o(.data)
    Kaccz                                    0x200000ec   Data           4  data.o(.data)
    Sonar_Width                              0x200000f0   Data           4  data.o(.data)
    Sonar2_Width                             0x200000f4   Data           4  data.o(.data)
    Flow_x                                   0x200000f8   Data           4  data.o(.data)
    Flow_y                                   0x200000fc   Data           4  data.o(.data)
    g_AccRefOffset                           0x20000144   Data          12  global.o(.data)
    g_BaseThrrote                            0x20000150   Data           4  global.o(.data)
    g_AdjustThrrote                          0x20000154   Data           4  global.o(.data)
    Image_qual                               0x20000158   Data           2  global.o(.data)
    lock                                     0x2000015a   Data           2  global.o(.data)
    y1                                       0x2000015c   Data           2  global.o(.data)
    y2                                       0x2000015e   Data           2  global.o(.data)
    y3                                       0x20000160   Data           2  global.o(.data)
    y4                                       0x20000162   Data           2  global.o(.data)
    y5                                       0x20000164   Data           2  global.o(.data)
    p1                                       0x20000166   Data           2  global.o(.data)
    p2                                       0x20000168   Data           2  global.o(.data)
    p3                                       0x2000016a   Data           2  global.o(.data)
    p4                                       0x2000016c   Data           2  global.o(.data)
    x1                                       0x20000170   Data           4  global.o(.data)
    x2                                       0x20000174   Data           4  global.o(.data)
    x3                                       0x20000178   Data           4  global.o(.data)
    x4                                       0x2000017c   Data           4  global.o(.data)
    x5                                       0x20000180   Data           4  global.o(.data)
    x6                                       0x20000184   Data           4  global.o(.data)
    x7                                       0x20000188   Data           4  global.o(.data)
    x8                                       0x2000018c   Data           4  global.o(.data)
    x9                                       0x20000190   Data           4  global.o(.data)
    g_FlagSonarUpdate                        0x20000194   Data           1  global.o(.data)
    g_FlagAttInit                            0x20000195   Data           1  global.o(.data)
    g_FlagPx4Updatex                         0x20000196   Data           1  global.o(.data)
    g_FlagPx4Updatey                         0x20000197   Data           1  global.o(.data)
    g_FlagComUpdate                          0x20000198   Data           1  global.o(.data)
    g_FlagComUpdateEuler                     0x20000199   Data           1  global.o(.data)
    g_FlagEnableControlX                     0x2000019a   Data           1  global.o(.data)
    g_FlagEnableControlY                     0x2000019b   Data           1  global.o(.data)
    Flag_UartRx                              0x2000019c   Data           1  global.o(.data)
    System_Status                            0x2000019e   Data           2  global.o(.data)
    ulock_time                               0x200001a0   Data           4  app.o(.data)
    lock_time                                0x200001a4   Data           4  app.o(.data)
    __stdout                                 0x200001d4   Data           4  stdout.o(.data)
    Chx                                      0x2000029c   Data          16  data.o(.bss)
    Mpu6050_Data                             0x200002ac   Data          14  data.o(.bss)
    g_AccRef                                 0x200002bc   Data          12  global.o(.bss)
    g_PosRef                                 0x200002c8   Data          12  global.o(.bss)
    g_VelRef                                 0x200002d4   Data          12  global.o(.bss)
    g_TargetPos                              0x200002e0   Data          12  global.o(.bss)
    g_NavEuler                               0x200002ec   Data          12  global.o(.bss)
    g_Acc                                    0x200002f8   Data          12  global.o(.bss)
    g_Gyro                                   0x20000304   Data          12  global.o(.bss)
    g_Sensor                                 0x20000310   Data          12  global.o(.bss)
    g_SensorUpdate                           0x2000031c   Data          12  global.o(.bss)
    g_CamPos                                 0x20000328   Data          12  global.o(.bss)
    g_CamVel                                 0x20000334   Data          12  global.o(.bss)
    g_CamTargetPos                           0x20000340   Data          12  global.o(.bss)
    g_TargetEuler                            0x2000034c   Data          12  global.o(.bss)
    g_Eular                                  0x20000358   Data          12  global.o(.bss)
    g_CamEuler                               0x20000364   Data          12  global.o(.bss)
    Command_Uint                             0x20000370   Data          24  global.o(.bss)
    Command                                  0x20000388   Data          24  global.o(.bss)
    g_packet_buf                             0x200003a0   Data          21  global.o(.bss)
    Control_Data                             0x200003b8   Data          16  global.o(.bss)
    Acc                                      0x200003ec   Data          12  main.o(.bss)
    Gyro                                     0x200003f8   Data          12  main.o(.bss)
    __initial_sp                             0x20001408   Data           0  startup_stm32f10x_md.o(STACK)



==============================================================================

Memory Map of the image

  Image Entry point : 0x080000ed

  Load Region LR_IROM1 (Base: 0x08000000, Size: 0x000067b4, Max: 0x00020000, ABSOLUTE, COMPRESSED[0x00006648])

    Execution Region ER_IROM1 (Base: 0x08000000, Size: 0x000065d8, Max: 0x00020000, ABSOLUTE)

    Base Addr    Size         Type   Attr      Idx    E Section Name        Object

    0x08000000   0x000000ec   Data   RO         3830    RESET               startup_stm32f10x_md.o
    0x080000ec   0x00000000   Code   RO         4622  * .ARM.Collect$$$$00000000  mc_w.l(entry.o)
    0x080000ec   0x00000004   Code   RO         4968    .ARM.Collect$$$$00000001  mc_w.l(entry2.o)
    0x080000f0   0x00000004   Code   RO         4971    .ARM.Collect$$$$00000004  mc_w.l(entry5.o)
    0x080000f4   0x00000000   Code   RO         4973    .ARM.Collect$$$$00000008  mc_w.l(entry7b.o)
    0x080000f4   0x00000000   Code   RO         4975    .ARM.Collect$$$$0000000A  mc_w.l(entry8b.o)
    0x080000f4   0x00000008   Code   RO         4976    .ARM.Collect$$$$0000000B  mc_w.l(entry9a.o)
    0x080000fc   0x00000000   Code   RO         4978    .ARM.Collect$$$$0000000D  mc_w.l(entry10a.o)
    0x080000fc   0x00000000   Code   RO         4980    .ARM.Collect$$$$0000000F  mc_w.l(entry11a.o)
    0x080000fc   0x00000004   Code   RO         4969    .ARM.Collect$$$$00002712  mc_w.l(entry2.o)
    0x08000100   0x00000024   Code   RO         3831    .text               startup_stm32f10x_md.o
    0x08000124   0x00000024   Code   RO         4625    .text               mc_w.l(memcpya.o)
    0x08000148   0x000000b0   Code   RO         4892    .text               mf_w.l(fadd.o)
    0x080001f8   0x00000064   Code   RO         4894    .text               mf_w.l(fmul.o)
    0x0800025c   0x0000007c   Code   RO         4896    .text               mf_w.l(fdiv.o)
    0x080002d8   0x0000014e   Code   RO         4898    .text               mf_w.l(dadd.o)
    0x08000426   0x000000e4   Code   RO         4900    .text               mf_w.l(dmul.o)
    0x0800050a   0x000000de   Code   RO         4902    .text               mf_w.l(ddiv.o)
    0x080005e8   0x00000012   Code   RO         4904    .text               mf_w.l(fflti.o)
    0x080005fa   0x0000000a   Code   RO         4906    .text               mf_w.l(ffltui.o)
    0x08000604   0x00000022   Code   RO         4908    .text               mf_w.l(dflti.o)
    0x08000626   0x0000001a   Code   RO         4910    .text               mf_w.l(dfltui.o)
    0x08000640   0x00000032   Code   RO         4912    .text               mf_w.l(ffixi.o)
    0x08000672   0x00000028   Code   RO         4914    .text               mf_w.l(ffixui.o)
    0x0800069a   0x0000003e   Code   RO         4916    .text               mf_w.l(dfixi.o)
    0x080006d8   0x00000026   Code   RO         4918    .text               mf_w.l(f2d.o)
    0x080006fe   0x00000002   PAD
    0x08000700   0x00000030   Code   RO         4920    .text               mf_w.l(cdcmple.o)
    0x08000730   0x00000030   Code   RO         4922    .text               mf_w.l(cdrcmple.o)
    0x08000760   0x00000038   Code   RO         4924    .text               mf_w.l(d2f.o)
    0x08000798   0x00000014   Code   RO         4926    .text               mf_w.l(cfcmple.o)
    0x080007ac   0x00000014   Code   RO         4928    .text               mf_w.l(cfrcmple.o)
    0x080007c0   0x0000002c   Code   RO         4983    .text               mc_w.l(uidiv.o)
    0x080007ec   0x00000062   Code   RO         4985    .text               mc_w.l(uldiv.o)
    0x0800084e   0x0000001e   Code   RO         4987    .text               mc_w.l(llshl.o)
    0x0800086c   0x00000020   Code   RO         4989    .text               mc_w.l(llushr.o)
    0x0800088c   0x00000024   Code   RO         4991    .text               mc_w.l(llsshr.o)
    0x080008b0   0x00000000   Code   RO         5000    .text               mc_w.l(iusefp.o)
    0x080008b0   0x0000006e   Code   RO         5001    .text               mf_w.l(fepilogue.o)
    0x0800091e   0x00000018   Code   RO         5003    .text               mf_w.l(fscalb.o)
    0x08000936   0x0000005e   Code   RO         5005    .text               mf_w.l(fsqrt.o)
    0x08000994   0x0000003c   Code   RO         5007    .text               mf_w.l(frnd.o)
    0x080009d0   0x000000ba   Code   RO         5009    .text               mf_w.l(depilogue.o)
    0x08000a8a   0x0000002e   Code   RO         5011    .text               mf_w.l(dscalb.o)
    0x08000ab8   0x000000a2   Code   RO         5013    .text               mf_w.l(dsqrt.o)
    0x08000b5a   0x00000030   Code   RO         5015    .text               mf_w.l(dfixul.o)
    0x08000b8a   0x00000002   PAD
    0x08000b8c   0x00000024   Code   RO         5017    .text               mc_w.l(init.o)
    0x08000bb0   0x00000056   Code   RO         5027    .text               mc_w.l(__dczerorl2.o)
    0x08000c06   0x00000004   Code   RO         2227    i.BusFault_Handler  stm32f10x_it.o
    0x08000c0a   0x00000002   PAD
    0x08000c0c   0x000001cc   Code   RO         3836    i.CORDIC_Init       cordic.o
    0x08000dd8   0x00000130   Code   RO         3837    i.CORDIC_SinCos     cordic.o
    0x08000f08   0x00000398   Code   RO         4432    i.Com_AttPosGet     app.o
    0x080012a0   0x00000026   Code   RO         3895    i.Constraint_f      quad_math.o
    0x080012c6   0x00000002   PAD
    0x080012c8   0x00000050   Code   RO         3897    i.DLPF              quad_math.o
    0x08001318   0x00000008   Code   RO         4240    i.Data_Init         data.o
    0x08001320   0x00000128   Code   RO         4433    i.Data_Update       app.o
    0x08001448   0x00000002   Code   RO         2228    i.DebugMon_Handler  stm32f10x_it.o
    0x0800144a   0x0000001c   Code   RO          368    i.Delay_ms          delay.o
    0x08001466   0x00000016   Code   RO          369    i.Delay_us          delay.o
    0x0800147c   0x00000068   Code   RO         4497    i.EXTI15_10_IRQHandler  main.o
    0x080014e4   0x0000000e   Code   RO         4498    i.EXTI1_IRQHandler  main.o
    0x080014f2   0x00000002   PAD
    0x080014f4   0x0000000c   Code   RO         1562    i.EXTI_ClearITPendingBit  stm32f10x_exti.o
    0x08001500   0x00000094   Code   RO         1567    i.EXTI_Init         stm32f10x_exti.o
    0x08001594   0x00000044   Code   RO          389    i.EXTI_Pinconfig    exti.o
    0x080015d8   0x000003c4   Code   RO         4049    i.Estimate_Status   imu.o
    0x0800199c   0x00000310   Code   RO         4087    i.Eular_Control     pid.o
    0x08001cac   0x0000016e   Code   RO         4109    i.Eular_RoateVect   rotate.o
    0x08001e1a   0x00000052   Code   RO          390    i.Exti_Init         exti.o
    0x08001e6c   0x00000018   Code   RO         3898    i.FL_ABS            quad_math.o
    0x08001e84   0x00000040   Code   RO         1912    i.GPIO_EXTILineConfig  stm32f10x_gpio.o
    0x08001ec4   0x00000116   Code   RO         1915    i.GPIO_Init         stm32f10x_gpio.o
    0x08001fda   0x00000002   PAD
    0x08001fdc   0x00000090   Code   RO         1917    i.GPIO_PinRemapConfig  stm32f10x_gpio.o
    0x0800206c   0x00000012   Code   RO         1919    i.GPIO_ReadInputDataBit  stm32f10x_gpio.o
    0x0800207e   0x00000012   Code   RO         1921    i.GPIO_ReadOutputDataBit  stm32f10x_gpio.o
    0x08002090   0x00000004   Code   RO         1922    i.GPIO_ResetBits    stm32f10x_gpio.o
    0x08002094   0x00000004   Code   RO         1923    i.GPIO_SetBits      stm32f10x_gpio.o
    0x08002098   0x00000048   Code   RO         4401    i.G_GetDt           global.o
    0x080020e0   0x00000004   Code   RO         2229    i.HardFault_Handler  stm32f10x_it.o
    0x080020e4   0x00000124   Code   RO         4381    i.Hardware_Init     bsp.o
    0x08002208   0x00000054   Code   RO          410    i.IIC_Ack           iic.o
    0x0800225c   0x00000040   Code   RO          411    i.IIC_Init          iic.o
    0x0800229c   0x00000054   Code   RO          412    i.IIC_Nack          iic.o
    0x080022f0   0x00000078   Code   RO          413    i.IIC_Readbyte      iic.o
    0x08002368   0x00000084   Code   RO          416    i.IIC_Sendbyte      iic.o
    0x080023ec   0x00000058   Code   RO          417    i.IIC_Start         iic.o
    0x08002444   0x00000058   Code   RO          418    i.IIC_Stop          iic.o
    0x0800249c   0x00000074   Code   RO          419    i.IIC_Waitack       iic.o
    0x08002510   0x00000034   Code   RO         4241    i.Imu_DataGet       data.o
    0x08002544   0x0000006c   Code   RO          314    i.Led_Init          led.o
    0x080025b0   0x00000010   Code   RO          315    i.Led_Off0          led.o
    0x080025c0   0x00000010   Code   RO          316    i.Led_Off1          led.o
    0x080025d0   0x00000010   Code   RO          317    i.Led_On0           led.o
    0x080025e0   0x00000010   Code   RO          318    i.Led_On1           led.o
    0x080025f0   0x00000020   Code   RO          319    i.Led_Transpose0    led.o
    0x08002610   0x00000198   Code   RO         4434    i.Lock_Control      app.o
    0x080027a8   0x000000a2   Code   RO          238    i.MPU_Getaccelerometergyroscope  mpu6050.o
    0x0800284a   0x00000002   PAD
    0x0800284c   0x0000003c   Code   RO          239    i.MPU_Init          mpu6050.o
    0x08002888   0x00000074   Code   RO          241    i.MPU_Readlen       mpu6050.o
    0x080028fc   0x00000044   Code   RO          242    i.MPU_Writebyte     mpu6050.o
    0x08002940   0x000004c0   Code   RO         4050    i.Matrix_EstimateEuler  imu.o
    0x08002e00   0x00000004   Code   RO         2230    i.MemManage_Handler  stm32f10x_it.o
    0x08002e04   0x00000024   Code   RO         4340    i.Moto_Clear        motor.o
    0x08002e28   0x000000e8   Code   RO         4342    i.Moto_PwmRflash    motor.o
    0x08002f10   0x00000138   Code   RO         4343    i.Moto_SetPwm       motor.o
    0x08003048   0x00000120   Code   RO         4243    i.Mpu_DataHandle    data.o
    0x08003168   0x000001f4   Code   RO         4244    i.Mpu_GyroOffest    data.o
    0x0800335c   0x00000002   Code   RO         2231    i.NMI_Handler       stm32f10x_it.o
    0x0800335e   0x00000002   PAD
    0x08003360   0x00000070   Code   RO          681    i.NVIC_Init         misc.o
    0x080033d0   0x00000014   Code   RO          682    i.NVIC_PriorityGroupConfig  misc.o
    0x080033e4   0x00000002   Code   RO         2232    i.PendSV_Handler    stm32f10x_it.o
    0x080033e6   0x00000002   PAD
    0x080033e8   0x00000358   Code   RO         4088    i.Position_Control  pid.o
    0x08003740   0x00000014   Code   RO          548    i.Pwm_Set1          pwm.o
    0x08003754   0x00000014   Code   RO          549    i.Pwm_Set2          pwm.o
    0x08003768   0x00000014   Code   RO          550    i.Pwm_Set3          pwm.o
    0x0800377c   0x00000014   Code   RO          551    i.Pwm_Set4          pwm.o
    0x08003790   0x000000f8   Code   RO          552    i.Pwm_init          pwm.o
    0x08003888   0x000000cc   Code   RO         4435    i.Quadrotor_Control  app.o
    0x08003954   0x00000020   Code   RO         2394    i.RCC_APB1PeriphClockCmd  stm32f10x_rcc.o
    0x08003974   0x00000020   Code   RO         2396    i.RCC_APB2PeriphClockCmd  stm32f10x_rcc.o
    0x08003994   0x000000d4   Code   RO         2404    i.RCC_GetClocksFreq  stm32f10x_rcc.o
    0x08003a68   0x0000010c   Code   RO         4246    i.ReceiveData_Convert  data.o
    0x08003b74   0x000000bc   Code   RO         4247    i.ReceiveData_Norm  data.o
    0x08003c30   0x00000010   Code   RO         4248    i.Remote_ChxGet     data.o
    0x08003c40   0x00000020   Code   RO         4249    i.Remote_CommandGet  data.o
    0x08003c60   0x000000cc   Code   RO         4250    i.Remote_StatusGet  data.o
    0x08003d2c   0x00000210   Code   RO          593    i.Reseave_IrqTIM2   receive.o
    0x08003f3c   0x00000088   Code   RO          594    i.Reseave_IrqTIM3   receive.o
    0x08003fc4   0x00000002   Code   RO         2233    i.SVC_Handler       stm32f10x_it.o
    0x08003fc6   0x00000008   Code   RO         3794    i.SetSysClock       system_stm32f10x.o
    0x08003fce   0x00000002   PAD
    0x08003fd0   0x000000e0   Code   RO         3795    i.SetSysClockTo72   system_stm32f10x.o
    0x080040b0   0x00000014   Code   RO         4252    i.Sonar_DataGet     data.o
    0x080040c4   0x000000c8   Code   RO            4    i.Sonar_Getwidth    sonar.o
    0x0800418c   0x0000002c   Code   RO            5    i.Sonar_GpioInit    sonar.o
    0x080041b8   0x00000008   Code   RO         4436    i.Startup           app.o
    0x080041c0   0x00000002   Code   RO         2234    i.SysTick_Handler   stm32f10x_it.o
    0x080041c2   0x00000002   PAD
    0x080041c4   0x00000060   Code   RO         3797    i.SystemInit        system_stm32f10x.o
    0x08004224   0x00000080   Code   RO         3012    i.TI1_Config        stm32f10x_tim.o
    0x080042a4   0x00000098   Code   RO         3013    i.TI2_Config        stm32f10x_tim.o
    0x0800433c   0x00000090   Code   RO         3014    i.TI3_Config        stm32f10x_tim.o
    0x080043cc   0x00000098   Code   RO         3015    i.TI4_Config        stm32f10x_tim.o
    0x08004464   0x0000001c   Code   RO         4499    i.TIM2_IRQHandler   main.o
    0x08004480   0x00000014   Code   RO         4500    i.TIM3_IRQHandler   main.o
    0x08004494   0x00000018   Code   RO         3016    i.TIM_ARRPreloadConfig  stm32f10x_tim.o
    0x080044ac   0x00000006   Code   RO         3022    i.TIM_ClearFlag     stm32f10x_tim.o
    0x080044b2   0x00000006   Code   RO         3023    i.TIM_ClearITPendingBit  stm32f10x_tim.o
    0x080044b8   0x00000018   Code   RO         3028    i.TIM_Cmd           stm32f10x_tim.o
    0x080044d0   0x00000006   Code   RO         3047    i.TIM_GetCounter    stm32f10x_tim.o
    0x080044d6   0x00000002   PAD
    0x080044d8   0x000000ac   Code   RO         3051    i.TIM_ICInit        stm32f10x_tim.o
    0x08004584   0x00000012   Code   RO         3053    i.TIM_ITConfig      stm32f10x_tim.o
    0x08004596   0x00000002   PAD
    0x08004598   0x00000098   Code   RO         3057    i.TIM_OC1Init       stm32f10x_tim.o
    0x08004630   0x00000012   Code   RO         3060    i.TIM_OC1PreloadConfig  stm32f10x_tim.o
    0x08004642   0x00000002   PAD
    0x08004644   0x000000a4   Code   RO         3062    i.TIM_OC2Init       stm32f10x_tim.o
    0x080046e8   0x0000001a   Code   RO         3065    i.TIM_OC2PreloadConfig  stm32f10x_tim.o
    0x08004702   0x00000002   PAD
    0x08004704   0x000000a0   Code   RO         3067    i.TIM_OC3Init       stm32f10x_tim.o
    0x080047a4   0x00000012   Code   RO         3070    i.TIM_OC3PreloadConfig  stm32f10x_tim.o
    0x080047b6   0x00000002   PAD
    0x080047b8   0x0000007c   Code   RO         3072    i.TIM_OC4Init       stm32f10x_tim.o
    0x08004834   0x0000001a   Code   RO         3074    i.TIM_OC4PreloadConfig  stm32f10x_tim.o
    0x0800484e   0x00000004   Code   RO         3089    i.TIM_SetCompare1   stm32f10x_tim.o
    0x08004852   0x00000004   Code   RO         3090    i.TIM_SetCompare2   stm32f10x_tim.o
    0x08004856   0x00000004   Code   RO         3091    i.TIM_SetCompare3   stm32f10x_tim.o
    0x0800485a   0x00000006   Code   RO         3092    i.TIM_SetCompare4   stm32f10x_tim.o
    0x08004860   0x00000012   Code   RO         3094    i.TIM_SetIC1Prescaler  stm32f10x_tim.o
    0x08004872   0x0000001a   Code   RO         3095    i.TIM_SetIC2Prescaler  stm32f10x_tim.o
    0x0800488c   0x00000012   Code   RO         3096    i.TIM_SetIC3Prescaler  stm32f10x_tim.o
    0x0800489e   0x0000001a   Code   RO         3097    i.TIM_SetIC4Prescaler  stm32f10x_tim.o
    0x080048b8   0x000000a4   Code   RO         3099    i.TIM_TimeBaseInit  stm32f10x_tim.o
    0x0800495c   0x000001f4   Code   RO          595    i.TimerCapture_Init  receive.o
    0x08004b50   0x00000020   Code   RO          621    i.Timer_Control     timer.o
    0x08004b70   0x00000038   Code   RO          622    i.Timer_Init        timer.o
    0x08004ba8   0x00000018   Code   RO         4501    i.USART1_IRQHandler  main.o
    0x08004bc0   0x00000012   Code   RO         3560    i.USART_ClearFlag   stm32f10x_usart.o
    0x08004bd2   0x0000001e   Code   RO         3561    i.USART_ClearITPendingBit  stm32f10x_usart.o
    0x08004bf0   0x00000018   Code   RO         3564    i.USART_Cmd         stm32f10x_usart.o
    0x08004c08   0x0000001a   Code   RO         3567    i.USART_GetFlagStatus  stm32f10x_usart.o
    0x08004c22   0x0000004a   Code   RO         3570    i.USART_ITConfig    stm32f10x_usart.o
    0x08004c6c   0x000000d8   Code   RO         3571    i.USART_Init        stm32f10x_usart.o
    0x08004d44   0x0000000a   Code   RO         3578    i.USART_ReceiveData  stm32f10x_usart.o
    0x08004d4e   0x00000002   PAD
    0x08004d50   0x00000084   Code   RO          642    i.Uart1_GetData     usart.o
    0x08004dd4   0x000000bc   Code   RO          643    i.Uart1_Init        usart.o
    0x08004e90   0x00000004   Code   RO         2235    i.UsageFault_Handler  stm32f10x_it.o
    0x08004e94   0x0000000e   Code   RO         4122    i.Vect_Copy         rotate.o
    0x08004ea2   0x00000026   Code   RO         4126    i.Vect_Scale        rotate.o
    0x08004ec8   0x0000003c   Code   RO         4127    i.Vect_Sub          rotate.o
    0x08004f04   0x00000040   Code   RO         3903    i.Warp_ToPI         quad_math.o
    0x08004f44   0x00000020   Code   RO         4864    i.__0printf         mc_w.l(printfa.o)
    0x08004f64   0x00000028   Code   RO         4944    i.__ARM_fpclassify  m_ws.l(fpclassify.o)
    0x08004f8c   0x00000026   Code   RO         4946    i.__ARM_fpclassifyf  m_ws.l(fpclassifyf.o)
    0x08004fb2   0x000000aa   Code   RO         4962    i.__kernel_poly     m_ws.l(poly.o)
    0x0800505c   0x00000006   Code   RO         4931    i.__mathlib_dbl_infnan  m_ws.l(dunder.o)
    0x08005062   0x00000002   PAD
    0x08005064   0x00000010   Code   RO         4936    i.__mathlib_dbl_underflow  m_ws.l(dunder.o)
    0x08005074   0x00000006   Code   RO         4949    i.__mathlib_flt_infnan  m_ws.l(funder.o)
    0x0800507a   0x00000004   Code   RO         4950    i.__mathlib_flt_infnan2  m_ws.l(funder.o)
    0x0800507e   0x00000008   Code   RO         4951    i.__mathlib_flt_invalid  m_ws.l(funder.o)
    0x08005086   0x0000000a   Code   RO         4954    i.__mathlib_flt_underflow  m_ws.l(funder.o)
    0x08005090   0x00000168   Code   RO         4965    i.__mathlib_rredf2  m_ws.l(rredf.o)
    0x080051f8   0x0000000e   Code   RO         5021    i.__scatterload_copy  mc_w.l(handlers.o)
    0x08005206   0x00000002   Code   RO         5022    i.__scatterload_null  mc_w.l(handlers.o)
    0x08005208   0x0000000e   Code   RO         5023    i.__scatterload_zeroinit  mc_w.l(handlers.o)
    0x08005216   0x00000002   PAD
    0x08005218   0x0000000c   Code   RO         4995    i.__set_errno       mc_w.l(errno.o)
    0x08005224   0x00000164   Code   RO         4871    i._fp_digits        mc_w.l(printfa.o)
    0x08005388   0x000006dc   Code   RO         4872    i._printf_core      mc_w.l(printfa.o)
    0x08005a64   0x00000024   Code   RO         4873    i._printf_post_padding  mc_w.l(printfa.o)
    0x08005a88   0x0000002e   Code   RO         4874    i._printf_pre_padding  mc_w.l(printfa.o)
    0x08005ab6   0x00000002   PAD
    0x08005ab8   0x00000124   Code   RO         4557    i.asinf             m_ws.l(asinf.o)
    0x08005bdc   0x00000220   Code   RO         4565    i.atan              m_ws.l(atan.o)
    0x08005dfc   0x0000025c   Code   RO         4583    i.atan2f            m_ws.l(atan2f.o)
    0x08006058   0x0000004c   Code   RO         4254    i.checksum          data.o
    0x080060a4   0x0000017c   Code   RO         4591    i.cosf              m_ws.l(cosf.o)
    0x08006220   0x00000098   Code   RO         3838    i.fast_SinCos       cordic.o
    0x080062b8   0x0000001c   Code   RO          644    i.fputc             usart.o
    0x080062d4   0x0000000c   Code   RO         4502    i.main              main.o
    0x080062e0   0x00000188   Code   RO         4599    i.sinf              m_ws.l(sinf.o)
    0x08006468   0x0000004c   Code   RO         4607    i.sqrt              m_ws.l(sqrt.o)
    0x080064b4   0x0000002c   Code   RO         4615    i.sqrtf             m_ws.l(sqrtf.o)
    0x080064e0   0x00000014   Data   RO          244    .constdata          mpu6050.o
    0x080064f4   0x0000000c   Data   RO         4438    .constdata          app.o
    0x08006500   0x00000098   Data   RO         4566    .constdata          m_ws.l(atan.o)
    0x08006598   0x00000020   Data   RO         4966    .constdata          m_ws.l(rredf.o)
    0x080065b8   0x00000020   Data   RO         5019    Region$$Table       anon$$obj.o


    Execution Region RW_IRAM1 (Base: 0x20000000, Size: 0x00001408, Max: 0x00005000, ABSOLUTE, COMPRESSED[0x00000070])

    Base Addr    Size         Type   Attr      Idx    E Section Name        Object

    0x20000000   0x0000000c   Data   RW            6    .data               sonar.o
    0x2000000c   0x00000014   Data   RW          596    .data               receive.o
    0x20000020   0x00000005   Data   RW          645    .data               usart.o
    0x20000025   0x00000014   Data   RW         2424    .data               stm32f10x_rcc.o
    0x20000039   0x00000003   PAD
    0x2000003c   0x0000001a   Data   RW         3843    .data               cordic.o
    0x20000056   0x00000002   PAD
    0x20000058   0x00000021   Data   RW         4053    .data               imu.o
    0x20000079   0x00000003   PAD
    0x2000007c   0x00000054   Data   RW         4090    .data               pid.o
    0x200000d0   0x00000064   Data   RW         4256    .data               data.o
    0x20000134   0x00000010   Data   RW         4345    .data               motor.o
    0x20000144   0x0000005c   Data   RW         4405    .data               global.o
    0x200001a0   0x00000029   Data   RW         4439    .data               app.o
    0x200001c9   0x00000003   PAD
    0x200001cc   0x00000008   Data   RW         4504    .data               main.o
    0x200001d4   0x00000004   Data   RW         4982    .data               mc_w.l(stdout.o)
    0x200001d8   0x00000004   Data   RW         4996    .data               mc_w.l(errno.o)
    0x200001dc   0x00000018   Zero   RW         3842    .bss                cordic.o
    0x200001f4   0x0000000c   Zero   RW         4052    .bss                imu.o
    0x20000200   0x0000009c   Zero   RW         4089    .bss                pid.o
    0x2000029c   0x0000001e   Zero   RW         4255    .bss                data.o
    0x200002ba   0x00000002   PAD
    0x200002bc   0x0000010c   Zero   RW         4404    .bss                global.o
    0x200003c8   0x00000024   Zero   RW         4437    .bss                app.o
    0x200003ec   0x00000018   Zero   RW         4503    .bss                main.o
    0x20000404   0x00000004   PAD
    0x20000408   0x00001000   Zero   RW         3828    STACK               startup_stm32f10x_md.o


==============================================================================

Image component sizes


      Code (inc. data)   RO Data    RW Data    ZI Data      Debug   Object Name

      1836        226         12         41         36       6950   app.o
       292        166          0          0          0        504   bsp.o
       916         98          0         26         24       2956   cordic.o
         0          0          0          0          0         32   core_cm3.o
      1652        170          0        100         30       7950   data.o
        50          0          0          0          0        966   delay.o
       150          6          0          0          0       1005   exti.o
        72          8          0         92        268       3994   global.o
       776         36          0          0          0       3923   iic.o
      2180        144          0         33         12       6289   imu.o
       204         36          0          0          0       2550   led.o
       202         48          0          8         24       2820   main.o
       132         22          0          0          0     250035   misc.o
       580         22          0         16          0       2782   motor.o
       406          4         20          0          0       5945   mpu6050.o
      1640        158          0         84        156       2803   pid.o
       328         34          0          0          0       2443   pwm.o
       206         18          0          0          0       2227   quad_math.o
      1164         72          0         20          0       3092   receive.o
       478          0          0          0          0       2614   rotate.o
       244         32          0         12          0     254039   sonar.o
        36          8        236          0       4096        772   startup_stm32f10x_md.o
       160         12          0          0          0       1321   stm32f10x_exti.o
       530         10          0          0          0       5253   stm32f10x_gpio.o
        26          0          0          0          0       3638   stm32f10x_it.o
       276         32          0         20          0       4166   stm32f10x_rcc.o
      1790        200          0          0          0      16093   stm32f10x_tim.o
       398          6          0          0          0       5564   stm32f10x_usart.o
       328         28          0          0          0       1769   system_stm32f10x.o
        88         10          0          0          0        989   timer.o
       348         34          0          5          0       1733   usart.o

    ----------------------------------------------------------------------
     17518       1640        300        468       4652     607217   Object Totals
         0          0         32          0          0          0   (incl. Generated)
        30          0          0         11          6          0   (incl. Padding)

    ----------------------------------------------------------------------

      Code (inc. data)   RO Data    RW Data    ZI Data      Debug   Library Member Name

       292         38          0          0          0        120   asinf.o
       544         70        152          0          0        124   atan.o
       604         76          0          0          0        116   atan2f.o
       380         52          0          0          0        124   cosf.o
        22          6          0          0          0        136   dunder.o
        40          0          0          0          0         68   fpclassify.o
        38          0          0          0          0         68   fpclassifyf.o
        28          0          0          0          0        272   funder.o
       170          0          0          0          0         96   poly.o
       360         16         32          0          0         88   rredf.o
       392         54          0          0          0        124   sinf.o
        76          0          0          0          0         84   sqrt.o
        44          0          0          0          0         80   sqrtf.o
        86          0          0          0          0          0   __dczerorl2.o
         0          0          0          0          0          0   entry.o
         0          0          0          0          0          0   entry10a.o
         0          0          0          0          0          0   entry11a.o
         8          4          0          0          0          0   entry2.o
         4          0          0          0          0          0   entry5.o
         0          0          0          0          0          0   entry7b.o
         0          0          0          0          0          0   entry8b.o
         8          4          0          0          0          0   entry9a.o
        12          6          0          4          0         68   errno.o
        30          0          0          0          0          0   handlers.o
        36          8          0          0          0         68   init.o
         0          0          0          0          0          0   iusefp.o
        30          0          0          0          0         68   llshl.o
        36          0          0          0          0         68   llsshr.o
        32          0          0          0          0         68   llushr.o
        36          0          0          0          0         68   memcpya.o
      2226         90          0          0          0        444   printfa.o
         0          0          0          4          0          0   stdout.o
        44          0          0          0          0         80   uidiv.o
        98          0          0          0          0         92   uldiv.o
        48          0          0          0          0         68   cdcmple.o
        48          0          0          0          0         68   cdrcmple.o
        20          0          0          0          0         68   cfcmple.o
        20          0          0          0          0         68   cfrcmple.o
        56          0          0          0          0         88   d2f.o
       334          0          0          0          0        148   dadd.o
       222          0          0          0          0        100   ddiv.o
       186          0          0          0          0        176   depilogue.o
        62          0          0          0          0         80   dfixi.o
        48          0          0          0          0         68   dfixul.o
        34          0          0          0          0         76   dflti.o
        26          0          0          0          0         76   dfltui.o
       228          0          0          0          0         96   dmul.o
        46          0          0          0          0         80   dscalb.o
       162          0          0          0          0        100   dsqrt.o
        38          0          0          0          0         68   f2d.o
       176          0          0          0          0        140   fadd.o
       124          0          0          0          0         88   fdiv.o
       110          0          0          0          0        168   fepilogue.o
        50          0          0          0          0         68   ffixi.o
        40          0          0          0          0         68   ffixui.o
        18          0          0          0          0         68   fflti.o
        10          0          0          0          0         68   ffltui.o
       100          0          0          0          0         76   fmul.o
        60          0          0          0          0         76   frnd.o
        24          0          0          0          0         68   fscalb.o
        94          0          0          0          0         96   fsqrt.o

    ----------------------------------------------------------------------
      8070        424        184          8          0       4936   Library Totals
        10          0          0          0          0          0   (incl. Padding)

    ----------------------------------------------------------------------

      Code (inc. data)   RO Data    RW Data    ZI Data      Debug   Library Name

      2990        312        184          0          0       1500   m_ws.l
      2686        112          0          8          0       1024   mc_w.l
      2384          0          0          0          0       2412   mf_w.l

    ----------------------------------------------------------------------
      8070        424        184          8          0       4936   Library Totals

    ----------------------------------------------------------------------

==============================================================================


      Code (inc. data)   RO Data    RW Data    ZI Data      Debug   

     25588       2064        484        476       4652     602453   Grand Totals
     25588       2064        484        112       4652     602453   ELF Image Totals (compressed)
     25588       2064        484        112          0          0   ROM Totals

==============================================================================

    Total RO  Size (Code + RO Data)                26072 (  25.46kB)
    Total RW  Size (RW Data + ZI Data)              5128 (   5.01kB)
    Total ROM Size (Code + RO Data + RW Data)      26184 (  25.57kB)

==============================================================================

